// Jest Snapshot v1, https://goo.gl/fbAQLP

exports[`renders a snapshot 1`] = `
<div
  className="App"
>
  <div
    className="calculator"
  >
    <div
      className="row"
    >
      <div
        className="result"
      >
        0
      </div>
    </div>
    <div
      className="row"
    >
      <div
        className="clear-button"
        onClick={[Function]}
      >
        clear
      </div>
      <div
        className="op-btn"
        onClick={[Function]}
      >
        /
      </div>
      <div
        className="op-btn"
        onClick={[Function]}
      >
        *
      </div>
    </div>
    <div
      className="row"
    >
      <div
        className="num-btn"
        onClick={[Function]}
      >
        7
      </div>
      <div
        className="num-btn"
        onClick={[Function]}
      >
        8
      </div>
      <div
        className="num-btn"
        onClick={[Function]}
      >
        9
      </div>
      <div
        className="op-btn"
        onClick={[Function]}
      >
        -
      </div>
    </div>
    <div
      className="row"
    >
      <div
        className="num-btn"
        onClick={[Function]}
      >
        4
      </div>
      <div
        className="num-btn"
        onClick={[Function]}
      >
        5
      </div>
      <div
        className="num-btn"
        onClick={[Function]}
      >
        6
      </div>
      <div
        className="op-btn"
        onClick={[Function]}
      >
        +
      </div>
    </div>
    <div
      className="row"
    >
      <div
        className="num-btn"
        onClick={[Function]}
      >
        1
      </div>
      <div
        className="num-btn"
        onClick={[Function]}
      >
        2
      </div>
      <div
        className="num-btn"
        onClick={[Function]}
      >
        3
      </div>
      <div
        className="op-btn"
        onClick={[Function]}
      >
        =
      </div>
    </div>
  </div>
</div>
`;

exports[`should calculate correctly 2 + 2 1`] = `
<div
  className="App"
>
  <div
    className="calculator"
  >
    <div
      className="row"
    >
      <div
        className="result"
      >
        4
      </div>
    </div>
    <div
      className="row"
    >
      <div
        className="clear-button"
        onClick={[Function]}
      >
        clear
      </div>
      <div
        className="op-btn"
        onClick={[Function]}
      >
        /
      </div>
      <div
        className="op-btn"
        onClick={[Function]}
      >
        *
      </div>
    </div>
    <div
      className="row"
    >
      <div
        className="num-btn"
        onClick={[Function]}
      >
        7
      </div>
      <div
        className="num-btn"
        onClick={[Function]}
      >
        8
      </div>
      <div
        className="num-btn"
        onClick={[Function]}
      >
        9
      </div>
      <div
        className="op-btn"
        onClick={[Function]}
      >
        -
      </div>
    </div>
    <div
      className="row"
    >
      <div
        className="num-btn"
        onClick={[Function]}
      >
        4
      </div>
      <div
        className="num-btn"
        onClick={[Function]}
      >
        5
      </div>
      <div
        className="num-btn"
        onClick={[Function]}
      >
        6
      </div>
      <div
        className="op-btn"
        onClick={[Function]}
      >
        +
      </div>
    </div>
    <div
      className="row"
    >
      <div
        className="num-btn"
        onClick={[Function]}
      >
        1
      </div>
      <div
        className="num-btn"
        onClick={[Function]}
      >
        2
      </div>
      <div
        className="num-btn"
        onClick={[Function]}
      >
        3
      </div>
      <div
        className="op-btn"
        onClick={[Function]}
      >
        =
      </div>
    </div>
  </div>
</div>
`;

exports[`should calculate correctly 4 - 2 1`] = `
<div
  className="App"
>
  <div
    className="calculator"
  >
    <div
      className="row"
    >
      <div
        className="result"
      >
        2
      </div>
    </div>
    <div
      className="row"
    >
      <div
        className="clear-button"
        onClick={[Function]}
      >
        clear
      </div>
      <div
        className="op-btn"
        onClick={[Function]}
      >
        /
      </div>
      <div
        className="op-btn"
        onClick={[Function]}
      >
        *
      </div>
    </div>
    <div
      className="row"
    >
      <div
        className="num-btn"
        onClick={[Function]}
      >
        7
      </div>
      <div
        className="num-btn"
        onClick={[Function]}
      >
        8
      </div>
      <div
        className="num-btn"
        onClick={[Function]}
      >
        9
      </div>
      <div
        className="op-btn"
        onClick={[Function]}
      >
        -
      </div>
    </div>
    <div
      className="row"
    >
      <div
        className="num-btn"
        onClick={[Function]}
      >
        4
      </div>
      <div
        className="num-btn"
        onClick={[Function]}
      >
        5
      </div>
      <div
        className="num-btn"
        onClick={[Function]}
      >
        6
      </div>
      <div
        className="op-btn"
        onClick={[Function]}
      >
        +
      </div>
    </div>
    <div
      className="row"
    >
      <div
        className="num-btn"
        onClick={[Function]}
      >
        1
      </div>
      <div
        className="num-btn"
        onClick={[Function]}
      >
        2
      </div>
      <div
        className="num-btn"
        onClick={[Function]}
      >
        3
      </div>
      <div
        className="op-btn"
        onClick={[Function]}
      >
        =
      </div>
    </div>
  </div>
</div>
`;

exports[`should calculate correctly 12 * 2 1`] = `
<div
  className="App"
>
  <div
    className="calculator"
  >
    <div
      className="row"
    >
      <div
        className="result"
      >
        24
      </div>
    </div>
    <div
      className="row"
    >
      <div
        className="clear-button"
        onClick={[Function]}
      >
        clear
      </div>
      <div
        className="op-btn"
        onClick={[Function]}
      >
        /
      </div>
      <div
        className="op-btn"
        onClick={[Function]}
      >
        *
      </div>
    </div>
    <div
      className="row"
    >
      <div
        className="num-btn"
        onClick={[Function]}
      >
        7
      </div>
      <div
        className="num-btn"
        onClick={[Function]}
      >
        8
      </div>
      <div
        className="num-btn"
        onClick={[Function]}
      >
        9
      </div>
      <div
        className="op-btn"
        onClick={[Function]}
      >
        -
      </div>
    </div>
    <div
      className="row"
    >
      <div
        className="num-btn"
        onClick={[Function]}
      >
        4
      </div>
      <div
        className="num-btn"
        onClick={[Function]}
      >
        5
      </div>
      <div
        className="num-btn"
        onClick={[Function]}
      >
        6
      </div>
      <div
        className="op-btn"
        onClick={[Function]}
      >
        +
      </div>
    </div>
    <div
      className="row"
    >
      <div
        className="num-btn"
        onClick={[Function]}
      >
        1
      </div>
      <div
        className="num-btn"
        onClick={[Function]}
      >
        2
      </div>
      <div
        className="num-btn"
        onClick={[Function]}
      >
        3
      </div>
      <div
        className="op-btn"
        onClick={[Function]}
      >
        =
      </div>
    </div>
  </div>
</div>
`;

exports[`should calculate correctly 100 / 25 1`] = `
<div
  className="App"
>
  <div
    className="calculator"
  >
    <div
      className="row"
    >
      <div
        className="result"
      >
        4
      </div>
    </div>
    <div
      className="row"
    >
      <div
        className="clear-button"
        onClick={[Function]}
      >
        clear
      </div>
      <div
        className="op-btn"
        onClick={[Function]}
      >
        /
      </div>
      <div
        className="op-btn"
        onClick={[Function]}
      >
        *
      </div>
    </div>
    <div
      className="row"
    >
      <div
        className="num-btn"
        onClick={[Function]}
      >
        7
      </div>
      <div
        className="num-btn"
        onClick={[Function]}
      >
        8
      </div>
      <div
        className="num-btn"
        onClick={[Function]}
      >
        9
      </div>
      <div
        className="op-btn"
        onClick={[Function]}
      >
        -
      </div>
    </div>
    <div
      className="row"
    >
      <div
        className="num-btn"
        onClick={[Function]}
      >
        4
      </div>
      <div
        className="num-btn"
        onClick={[Function]}
      >
        5
      </div>
      <div
        className="num-btn"
        onClick={[Function]}
      >
        6
      </div>
      <div
        className="op-btn"
        onClick={[Function]}
      >
        +
      </div>
    </div>
    <div
      className="row"
    >
      <div
        className="num-btn"
        onClick={[Function]}
      >
        1
      </div>
      <div
        className="num-btn"
        onClick={[Function]}
      >
        2
      </div>
      <div
        className="num-btn"
        onClick={[Function]}
      >
        3
      </div>
      <div
        className="op-btn"
        onClick={[Function]}
      >
        =
      </div>
    </div>
  </div>
</div>
`;

exports[`should clear entered numbers and display 0 1`] = `
<div
  className="App"
>
  <div
    className="calculator"
  >
    <div
      className="row"
    >
      <div
        className="result"
      >
        0
      </div>
    </div>
    <div
      className="row"
    >
      <div
        className="clear-button"
        onClick={[Function]}
      >
        clear
      </div>
      <div
        className="op-btn"
        onClick={[Function]}
      >
        /
      </div>
      <div
        className="op-btn"
        onClick={[Function]}
      >
        *
      </div>
    </div>
    <div
      className="row"
    >
      <div
        className="num-btn"
        onClick={[Function]}
      >
        7
      </div>
      <div
        className="num-btn"
        onClick={[Function]}
      >
        8
      </div>
      <div
        className="num-btn"
        onClick={[Function]}
      >
        9
      </div>
      <div
        className="op-btn"
        onClick={[Function]}
      >
        -
      </div>
    </div>
    <div
      className="row"
    >
      <div
        className="num-btn"
        onClick={[Function]}
      >
        4
      </div>
      <div
        className="num-btn"
        onClick={[Function]}
      >
        5
      </div>
      <div
        className="num-btn"
        onClick={[Function]}
      >
        6
      </div>
      <div
        className="op-btn"
        onClick={[Function]}
      >
        +
      </div>
    </div>
    <div
      className="row"
    >
      <div
        className="num-btn"
        onClick={[Function]}
      >
        1
      </div>
      <div
        className="num-btn"
        onClick={[Function]}
      >
        2
      </div>
      <div
        className="num-btn"
        onClick={[Function]}
      >
        3
      </div>
      <div
        className="op-btn"
        onClick={[Function]}
      >
        =
      </div>
    </div>
  </div>
</div>
`;
